
> word-tracker@0.0.0 build
> ng build

node.exe : - Building...
At line:1 char:1
+ & "C:\Program Files\nodejs/node.exe" 
"C:\Users\amanj\AppData\Roaming\ ...
+ ~~~~~~~~~~~~~~~~~~~~~~~~~~~~~~~~~~~~~~~~~~~~~~
~~~~~~~~~~~~~~~~~~~~~~~
    + CategoryInfo          : NotSpecified: (-  
   Building...:String) [], RemoteException
    + FullyQualifiedErrorId : NativeCommandErro 
   r
 

Initial chunk files   | Names         |  Raw size | Estimated transfer size
main-HZHMJK3H.js      | main          | 723.63 kB |               133.40 kB
polyfills-FFHMD2TL.js | polyfills     |  33.71 kB |                11.02 kB
styles-RADHFHPJ.css   | styles        |  12.96 kB |                 3.21 kB

                      | Initial total | 770.31 kB |               147.63 kB

Output location: D:\00.1\word-tracker-main\word-tracker-main\frontend\dist\word-tracker

Application bundle generation complete. [11.735 seconds]

Γû▓ [WARNING] src/app/components/group-challenge
s/group-challenges.component.scss exceeded 
maximum budget. Budget 10.00 kB was not met by 
4.25 kB with a total of 14.25 kB.


Γû▓ [WARNING] src/app/components/home-public/hom
e-public.component.scss exceeded maximum 
budget. Budget 10.00 kB was not met by 1004 
bytes with a total of 10.98 kB.


